../user/dwt_stm32_delay.h:25:22:DWT_Delay_us	24	static
../user/ps2.c:36:15:access	32	static
../user/ps2.c:55:6:ps2_SendConfig	24	static
../user/ps2.c:69:6:ps2_EnableAnalogMode	8	static
../user/ps2.c:81:6:getPesRawData	32	static
../user/ps2.c:107:9:getPesAnalog	24	static
../user/ps2.c:145:6:pes_monitor_init	16	static
../user/ps2.c:148:6:pesPrintf	124	static
../user/ps2.c:163:6:pesMonitorClear	16	static
../user/ps2.c:183:6:pes_receive_init	16	static
../user/ps2.c:195:6:pes_uart_event_handle	16	static
