../user/dwt_stm32_delay.h:25:22:DWT_Delay_us	24	static
../user/ps2.c:33:15:access	32	static
../user/ps2.c:52:6:ps2_SendConfig	24	static
../user/ps2.c:64:6:ps2_EnableAnalogMode	8	static
../user/ps2.c:76:6:getPesRawData	32	static
../user/ps2.c:102:9:getPesAnalog	24	static
../user/ps2.c:143:6:decodePES_1	16	static
../user/ps2.c:175:6:pes_receive_init	16	static
../user/ps2.c:182:6:decodePES	16	static
../user/ps2.c:220:6:HAL_UART_RxCpltCallback	16	static
../user/ps2.c:226:6:pes_uart_event_handle	16	static
