../user/ssd1306.c:10:13:ssd1306_WriteCommand	32	static
../user/ssd1306.c:15:9:ssd1306_Init	8	static
../user/ssd1306.c:60:6:ssd1306_Fill	24	static
../user/ssd1306.c:70:6:ssd1306_UpdateScreen	32	static
../user/ssd1306.c:83:6:ssd1306_DrawPixel	16	static
../user/ssd1306.c:105:6:ssd1306_WriteChar	48	static
../user/ssd1306.c:136:6:ssd1306_WriteString	24	static
../user/ssd1306.c:151:6:ssd1306_SetCursor	16	static
../user/ssd1306.c:157:6:ssd1306_DrawLine	40	static
../user/ssd1306.c:237:6:ssd1306_DrawRectangle	32	static
../user/ssd1306.c:258:6:ssd1306_DrawFilledRectangle	40	static
../user/ssd1306.c:279:6:ssd1306_DrawTriangle	32	static
../user/ssd1306.c:287:6:ssd1306_DrawFilledTriangle	64	static
../user/ssd1306.c:344:6:ssd1306_DrawCircle	40	static
../user/ssd1306.c:379:6:ssd1306_DrawFilledCircle	48	static
../user/ssd1306.c:411:6:ssd1306_ON	8	static
../user/ssd1306.c:418:6:ssd1306_OFF	8	static
