../user/ssd1306.c:10:13:ssd1306_WriteCommand	32	static
../user/ssd1306.c:15:9:ssd1306_Init	8	static
../user/ssd1306.c:60:6:ssd1306_Fill	24	static
../user/ssd1306.c:70:6:ssd1306_UpdateScreen	32	static
../user/ssd1306.c:82:6:ssd1306_DrawPixel	16	static
../user/ssd1306.c:104:6:ssd1306_WriteChar	48	static
../user/ssd1306.c:135:6:ssd1306_WriteString	24	static
../user/ssd1306.c:150:6:ssd1306_SetCursor	16	static
../user/ssd1306.c:156:6:ssd1306_DrawLine	40	static
../user/ssd1306.c:236:6:ssd1306_DrawRectangle	32	static
../user/ssd1306.c:257:6:ssd1306_DrawFilledRectangle	40	static
../user/ssd1306.c:278:6:ssd1306_DrawTriangle	32	static
../user/ssd1306.c:286:6:ssd1306_DrawFilledTriangle	64	static
../user/ssd1306.c:343:6:ssd1306_DrawCircle	40	static
../user/ssd1306.c:378:6:ssd1306_DrawFilledCircle	48	static
../user/ssd1306.c:410:6:ssd1306_ON	8	static
../user/ssd1306.c:417:6:ssd1306_OFF	8	static
